/sgl-workspace/sglang/python/sglang/srt/layers/quantization/awq/awq.py:52: UserWarning: Only CUDA, HIP and XPU support AWQ currently.
  warnings.warn(f"Only CUDA, HIP and XPU support AWQ currently.")
/sgl-workspace/sglang/python/sglang/srt/layers/quantization/gguf.py:69: UserWarning: Only CUDA, MUSA and NPU support GGUF quantization currently.
  warnings.warn(f"Only CUDA, MUSA and NPU support GGUF quantization currently.")
W0914 14:09:11.822000 1 torch/utils/cpp_extension.py:178] No CUDA runtime is found, using CUDA_HOME='/usr/local/cuda'
test_image_offset_positions_match_registered_architecture (__main__.QwenMultimodalAliasTest.test_image_offset_positions_match_registered_architecture) ... [transformers] Unrecognized keys in `rope_parameters` for 'rope_type'='default': {'mrope_interleaved', 'mrope_section'}
[transformers] Unrecognized keys in `rope_parameters` for 'rope_type'='default': {'mrope_interleaved', 'mrope_section'}
ok
test_preprocessed_video_preserves_metadata_and_sampling (__main__.QwenMultimodalAliasTest.test_preprocessed_video_preserves_metadata_and_sampling) ... [transformers] Unrecognized keys in `rope_parameters` for 'rope_type'='default': {'mrope_interleaved', 'mrope_section'}
[transformers] Unrecognized keys in `rope_parameters` for 'rope_type'='default': {'mrope_interleaved', 'mrope_section'}
[transformers] Unrecognized keys in `rope_parameters` for 'rope_type'='default': {'mrope_interleaved', 'mrope_section'}
ok
test_release_processor_enables_existing_worker_policy (__main__.QwenMultimodalAliasTest.test_release_processor_enables_existing_worker_policy) ... [transformers] Unrecognized keys in `rope_parameters` for 'rope_type'='default': {'mrope_interleaved', 'mrope_section'}
[transformers] Unrecognized keys in `rope_parameters` for 'rope_type'='default': {'mrope_interleaved', 'mrope_section'}
ok
test_video_timestamp_positions_and_embedding_slices_match (__main__.QwenMultimodalAliasTest.test_video_timestamp_positions_and_embedding_slices_match) ... [transformers] Unrecognized keys in `rope_parameters` for 'rope_type'='default': {'mrope_interleaved', 'mrope_section'}
[transformers] Unrecognized keys in `rope_parameters` for 'rope_type'='default': {'mrope_interleaved', 'mrope_section'}
ok

----------------------------------------------------------------------
Ran 4 tests in 0.011s

OK
